[INFO] - Loading faiss with AVX512 support.
[INFO] - Successfully loaded faiss with AVX512 support.
[INFO] - Failed to load GPU Faiss: name 'GpuIndexIVFFlat' is not defined. Will not load constructor refs for GPU indexes.
Using data root /mnt/NPX/Luke/20260719, pipeline results will be saved in this directory
Gain value is 2.34375 uV/bit
	Preprocessing...
Threshold value is 500.0 uV
	Found 0 noisy channels and 1 dead channels
Starting motion correction...
Estimating DREDGE motion...
Applying correction to recording with Sampling Freq: 29999.759166666667
Finished motion correction
Failed to load sorter or qc with error:
[Errno 2] No such file or directory: '/mnt/NPX/Luke/20260719/dredge_pipeline_results_Luke06192026_V1_RH_g0_imec0/qc/waveforms/waveforms.npz'
Running the pipeline again
[MEM] before loading ops/st0/clu0: 2.17 GB
[MEM] before loading tF0 (raw tF.npy): 3.76 GB
[MEM] after loading tF0: 30.53 GB
[MEM] after tF00 = tF0[kept] (both alive): 57.58 GB
[MEM] after del tF0 + gc.collect (only tF00 should remain): 30.33 GB
[MEM] after tF1 = delete(tF00, duped_spikes) (both alive): 49.09 GB
[MEM] after del tF00 + gc.collect (only tF1 should remain): 23.62 GB
Need to merge 12  groups of clusters
removing 241  clusters
<class 'numpy.ndarray'> <class 'numpy.ndarray'>
[MEM] at start of low-mem export section (tF1_ alive): 24.51 GB
[MEM] kept_spikes: 34559393 of 41968474 (82.35%)
[MEM] after tF_kept = tF1_[kept_spikes] (both alive): 40.56 GB
[MEM] after del tF1_ + gc.collect (only tF_kept should remain): 40.56 GB
[INFO] -  
[INFO] - Saving to phy and computing refractory periods (low-memory export)
[INFO] - ----------------------------------------
[MEM] _save_to_phy_lowmem: entry: 40.56 GB
[MEM] _save_to_phy_lowmem: before compute_spike_positions: 42.47 GB
[MEM] _save_to_phy_lowmem: before amplitude calc: 43.01 GB
[MEM] _save_to_phy_lowmem: after amplitude calc: 43.13 GB
[MEM] _save_to_phy_lowmem: before make_pc_features: 43.29 GB
